../Core/Inc/IMUconfig.h:19:6:bno055_assignI2C	16	static
../Core/Inc/IMUconfig.h:23:6:bno055_delay	16	static
../Core/Inc/IMUconfig.h:31:6:bno055_writeData	40	static
../Core/Inc/IMUconfig.h:94:6:bno055_readData	24	static
../Core/Src/main.c:145:5:main	208	static
../Core/Src/main.c:307:6:MX_ETH_Init	8	static
../Core/Src/main.c:356:13:MX_I2C1_Init	8	static
../Core/Src/main.c:404:13:MX_TIM1_Init	40	static
../Core/Src/main.c:451:13:MX_TIM3_Init	64	static
../Core/Src/main.c:522:13:MX_TIM5_Init	56	static
../Core/Src/main.c:585:6:MX_USART3_UART_Init	8	static
../Core/Src/main.c:633:13:MX_GPIO_Init	48	static
../Core/Src/main.c:678:6:startInputCaptureInterruptDutyCycle	8	static
../Core/Src/main.c:683:5:getLevel	24	static
../Core/Src/main.c:697:6:jumpHalfPeriod	16	static
../Core/Src/main.c:702:7:waitingForGettingFrequency	8	static
../Core/Src/main.c:713:6:waitingForFirstValues	24	static
../Core/Src/main.c:726:6:stopMotors	4	static
../Core/Src/main.c:737:6:HAL_TIM_IC_CaptureCallback	16	static
../Core/Src/main.c:798:6:HAL_GPIO_EXTI_Callback	16	static
../Core/Src/main.c:804:5:__io_putchar	16	static
../Core/Src/main.c:810:6:HAL_TIM_PeriodElapsedCallback	16	static
../Core/Src/main.c:826:6:Error_Handler	4	static,ignoring_inline_asm
